{
    "preprocess_cat_fastq": {
        "content": [
            6,
            [
                "consensus",
                "consensus/consensus.merged.fasta",
                "pipeline_info",
                "ref_assembly",
                "ref_assembly/SARS-CoV-2.fasta.fai"
            ],
            [
                "consensus.merged.fasta:md5,d41d8cd98f00b204e9800998ecf8427e",
                "SARS-CoV-2.fasta.fai:md5,6806a14930eab7e2de4e9776d79bcab2"
            ]
        ],
        "meta": {
            "nf-test": "0.9.2",
            "nextflow": "24.10.4"
        },
        "timestamp": "2025-02-07T10:34:39.68796"
    },
    "preprocess_trim_illumina": {
        "content": [
            14,
            [
                "consensus",
                "consensus/consensus.merged.fasta",
                "pipeline_info",
                "qc",
                "qc/fastqc",
                "qc/fastqc/raw",
                "qc/fastqc/raw/2-A_SouthSudan_1029_2024_raw_1_fastqc.html",
                "qc/fastqc/raw/2-A_SouthSudan_1029_2024_raw_1_fastqc.zip",
                "qc/fastqc/raw/2-A_SouthSudan_1029_2024_raw_2_fastqc.html",
                "qc/fastqc/raw/2-A_SouthSudan_1029_2024_raw_2_fastqc.zip",
                "qc/fastqc/raw/20-A_Tajikistan_12-928_2023_raw_1_fastqc.html",
                "qc/fastqc/raw/20-A_Tajikistan_12-928_2023_raw_1_fastqc.zip",
                "qc/fastqc/raw/20-A_Tajikistan_12-928_2023_raw_2_fastqc.html",
                "qc/fastqc/raw/20-A_Tajikistan_12-928_2023_raw_2_fastqc.zip",
                "qc/fastqc/raw/51-A_Spain_1810_2024_S51_raw_1_fastqc.html",
                "qc/fastqc/raw/51-A_Spain_1810_2024_S51_raw_1_fastqc.zip",
                "qc/fastqc/raw/51-A_Spain_1810_2024_S51_raw_2_fastqc.html",
                "qc/fastqc/raw/51-A_Spain_1810_2024_S51_raw_2_fastqc.zip",
                "qc/fastqc/trimmed",
                "qc/fastqc/trimmed/2-A_SouthSudan_1029_2024_trimmed_1_fastqc.html",
                "qc/fastqc/trimmed/2-A_SouthSudan_1029_2024_trimmed_1_fastqc.zip",
                "qc/fastqc/trimmed/2-A_SouthSudan_1029_2024_trimmed_2_fastqc.html",
                "qc/fastqc/trimmed/2-A_SouthSudan_1029_2024_trimmed_2_fastqc.zip",
                "qc/fastqc/trimmed/20-A_Tajikistan_12-928_2023_trimmed_1_fastqc.html",
                "qc/fastqc/trimmed/20-A_Tajikistan_12-928_2023_trimmed_1_fastqc.zip",
                "qc/fastqc/trimmed/20-A_Tajikistan_12-928_2023_trimmed_2_fastqc.html",
                "qc/fastqc/trimmed/20-A_Tajikistan_12-928_2023_trimmed_2_fastqc.zip",
                "qc/fastqc/trimmed/51-A_Spain_1810_2024_S51_trimmed_1_fastqc.html",
                "qc/fastqc/trimmed/51-A_Spain_1810_2024_S51_trimmed_1_fastqc.zip",
                "qc/fastqc/trimmed/51-A_Spain_1810_2024_S51_trimmed_2_fastqc.html",
                "qc/fastqc/trimmed/51-A_Spain_1810_2024_S51_trimmed_2_fastqc.zip",
                "qc/trimming",
                "qc/trimming/2-A_SouthSudan_1029_2024.fastp.html",
                "qc/trimming/2-A_SouthSudan_1029_2024.fastp.json",
                "qc/trimming/2-A_SouthSudan_1029_2024.fastp.log",
                "qc/trimming/20-A_Tajikistan_12-928_2023.fastp.html",
                "qc/trimming/20-A_Tajikistan_12-928_2023.fastp.json",
                "qc/trimming/20-A_Tajikistan_12-928_2023.fastp.log",
                "qc/trimming/51-A_Spain_1810_2024_S51.fastp.html",
                "qc/trimming/51-A_Spain_1810_2024_S51.fastp.json",
                "qc/trimming/51-A_Spain_1810_2024_S51.fastp.log",
                "ref_assembly",
                "ref_assembly/viral_reference.merged.fasta.fai"
            ],
            [
                "consensus.merged.fasta:md5,d41d8cd98f00b204e9800998ecf8427e",
                "2-A_SouthSudan_1029_2024_raw_1_fastqc.html:md5,da0b7cdaeb6fea4c9b2c69cbbcf22eed",
                "2-A_SouthSudan_1029_2024_raw_1_fastqc.zip:md5,a6300cd0b52ca49cebfc00af88fea963",
                "2-A_SouthSudan_1029_2024_raw_2_fastqc.html:md5,9358b56d26dad716a657143758e0a834",
                "2-A_SouthSudan_1029_2024_raw_2_fastqc.zip:md5,ffe763daa50068c7af08c9511aa4bca8",
                "20-A_Tajikistan_12-928_2023_raw_1_fastqc.html:md5,e374763265bbcebb30a636978fb3c432",
                "20-A_Tajikistan_12-928_2023_raw_1_fastqc.zip:md5,e950942a71bdcd9579de59efe26b4158",
                "20-A_Tajikistan_12-928_2023_raw_2_fastqc.html:md5,34af6530e0abf0a66726dae4525572d1",
                "20-A_Tajikistan_12-928_2023_raw_2_fastqc.zip:md5,d78f44279908b0aeb3684e5a8cffc124",
                "51-A_Spain_1810_2024_S51_raw_1_fastqc.html:md5,c3824fbaf64f537603beb1e9e18792e4",
                "51-A_Spain_1810_2024_S51_raw_1_fastqc.zip:md5,cd371d9c05b30c65e852aa39fefe6717",
                "51-A_Spain_1810_2024_S51_raw_2_fastqc.html:md5,e28c1235fb4185a73d457f77fbc17ce8",
                "51-A_Spain_1810_2024_S51_raw_2_fastqc.zip:md5,a7c0c733a74b1c3e7f41c2f7c9fab4a5",
                "2-A_SouthSudan_1029_2024_trimmed_1_fastqc.html:md5,6e9ec136b24dad35178de8ba302ac9b8",
                "2-A_SouthSudan_1029_2024_trimmed_1_fastqc.zip:md5,2e8a35d8bfb5849ec7c5cfe02f38a925",
                "2-A_SouthSudan_1029_2024_trimmed_2_fastqc.html:md5,2dfc34484f3ac8377c27b2c349df8073",
                "2-A_SouthSudan_1029_2024_trimmed_2_fastqc.zip:md5,ddadd36576591592b95d7339175965fe",
                "20-A_Tajikistan_12-928_2023_trimmed_1_fastqc.html:md5,8183832b16564567582a9dd29842ca3d",
                "20-A_Tajikistan_12-928_2023_trimmed_1_fastqc.zip:md5,68685fee35951057db558d1a1efbe2b2",
                "20-A_Tajikistan_12-928_2023_trimmed_2_fastqc.html:md5,68d8906a87cd8ed9eaf5245daa81a034",
                "20-A_Tajikistan_12-928_2023_trimmed_2_fastqc.zip:md5,fd11ed772ce5199ffac49bb43a318f0a",
                "51-A_Spain_1810_2024_S51_trimmed_1_fastqc.html:md5,726fc3b2e362a15769364989e49708a4",
                "51-A_Spain_1810_2024_S51_trimmed_1_fastqc.zip:md5,c7fdb4a0261bd7b053b4dc6afe20ff91",
                "51-A_Spain_1810_2024_S51_trimmed_2_fastqc.html:md5,804bdce6d02f9a0820e1d58795a6b007",
                "51-A_Spain_1810_2024_S51_trimmed_2_fastqc.zip:md5,934ec57fd271d63caecd02ef72646fb7",
                "2-A_SouthSudan_1029_2024.fastp.html:md5,cf0b37b49de531a06a4d6d091eb69e94",
                "2-A_SouthSudan_1029_2024.fastp.json:md5,279c4b44ba0d02affaa592a4b7d7445b",
                "2-A_SouthSudan_1029_2024.fastp.log:md5,e8ddc7efa6bc93ab948432187099a8c9",
                "20-A_Tajikistan_12-928_2023.fastp.html:md5,8416e285fbcc31b3f4e413005a1e5916",
                "20-A_Tajikistan_12-928_2023.fastp.json:md5,2631b7d55b7db93da3d9fd1cc77483e2",
                "20-A_Tajikistan_12-928_2023.fastp.log:md5,1a71e70f41ac2f02b342f0c35b00749c",
                "51-A_Spain_1810_2024_S51.fastp.html:md5,a829f9161fb4ca7582dfdcfe93a5f192",
                "51-A_Spain_1810_2024_S51.fastp.json:md5,6d1bb1a0061398e3f15e6c519f640e32",
                "51-A_Spain_1810_2024_S51.fastp.log:md5,35ddeb5f81bd1c9424b5c7736531da36",
                "viral_reference.merged.fasta.fai:md5,c1207acbd8f4d0ce7d301a735c40b378"
            ]
        ],
        "meta": {
            "nf-test": "0.9.2",
            "nextflow": "24.10.4"
        },
        "timestamp": "2025-02-07T10:50:08.732851"
    },
    "preprocess_trim_nanopore": {
        "content": [
            8,
            [
                "consensus",
                "consensus/consensus.merged.fasta",
                "pipeline_info",
                "qc",
                "qc/toulligqc",
                "qc/toulligqc/FAY66992_BC15_ONT",
                "qc/toulligqc/FAY66992_BC15_ONT/images",
                "qc/toulligqc/FAY66992_BC15_ONT/images/Channel_occupancy_of_the_flowcell.html",
                "qc/toulligqc/FAY66992_BC15_ONT/images/Correlation_between_read_length_and_PHRED_score.html",
                "qc/toulligqc/FAY66992_BC15_ONT/images/Distribution_of_read_lengths.html",
                "qc/toulligqc/FAY66992_BC15_ONT/images/PHRED_score_density_distribution.html",
                "qc/toulligqc/FAY66992_BC15_ONT/images/PHRED_score_distribution.html",
                "qc/toulligqc/FAY66992_BC15_ONT/images/PHRED_score_over_time.html",
                "qc/toulligqc/FAY66992_BC15_ONT/images/Read_count_histogram.html",
                "qc/toulligqc/FAY66992_BC15_ONT/images/Read_length_over_time.html",
                "qc/toulligqc/FAY66992_BC15_ONT/images/Yield_plot_through_time.html",
                "qc/toulligqc/FAY66992_BC15_ONT/images/plotly.min.js",
                "qc/toulligqc/FAY66992_BC15_ONT/report.data",
                "qc/toulligqc/FAY66992_BC15_ONT/report.html",
                "qc/toulligqc/FAY66992_BC23_ONT",
                "qc/toulligqc/FAY66992_BC23_ONT/images",
                "qc/toulligqc/FAY66992_BC23_ONT/images/Channel_occupancy_of_the_flowcell.html",
                "qc/toulligqc/FAY66992_BC23_ONT/images/Correlation_between_read_length_and_PHRED_score.html",
                "qc/toulligqc/FAY66992_BC23_ONT/images/Distribution_of_read_lengths.html",
                "qc/toulligqc/FAY66992_BC23_ONT/images/PHRED_score_density_distribution.html",
                "qc/toulligqc/FAY66992_BC23_ONT/images/PHRED_score_distribution.html",
                "qc/toulligqc/FAY66992_BC23_ONT/images/PHRED_score_over_time.html",
                "qc/toulligqc/FAY66992_BC23_ONT/images/Read_count_histogram.html",
                "qc/toulligqc/FAY66992_BC23_ONT/images/Read_length_over_time.html",
                "qc/toulligqc/FAY66992_BC23_ONT/images/Yield_plot_through_time.html",
                "qc/toulligqc/FAY66992_BC23_ONT/images/plotly.min.js",
                "qc/toulligqc/FAY66992_BC23_ONT/report.data",
                "qc/toulligqc/FAY66992_BC23_ONT/report.html",
                "ref_assembly",
                "ref_assembly/SARS-CoV-2.fasta.fai"
            ],
            [
                "consensus.merged.fasta:md5,d41d8cd98f00b204e9800998ecf8427e",
                "SARS-CoV-2.fasta.fai:md5,6806a14930eab7e2de4e9776d79bcab2"
            ]
        ],
        "meta": {
            "nf-test": "0.9.2",
            "nextflow": "24.10.4"
        },
        "timestamp": "2025-02-07T11:25:01.614951"
    }
}