{
    "refs_annotate_flu_ref": {
        "content": [
            12,
            [
                "consensus",
                "consensus/consensus.merged.fasta",
                "pipeline_info",
                "viral_ref",
                "viral_ref/annotation",
                "viral_ref/annotation/viral_reference",
                "viral_ref/annotation/viral_reference.merged.gff",
                "viral_ref/annotation/viral_reference/gfflu-outdir",
                "viral_ref/annotation/viral_reference/gfflu-outdir/A_United_Kingdom_1_1933_H1N1_NA.split.blastx.tsv",
                "viral_ref/annotation/viral_reference/gfflu-outdir/A_United_Kingdom_1_1933_H1N1_NA.split.faa",
                "viral_ref/annotation/viral_reference/gfflu-outdir/A_United_Kingdom_1_1933_H1N1_NA.split.gbk",
                "viral_ref/annotation/viral_reference/gfflu-outdir/A_United_Kingdom_1_1933_H1N1_NA.split.miniprot.gff",
                "viral_ref/annotation/viral_reference/gfflu-outdir/A_United_Kingdom_1_1933_H1N1_NA.split.snpeff.gff",
                "viral_ref/annotation/viral_reference/gfflu-outdir/H1N1pdm_HA.split.blastx.tsv",
                "viral_ref/annotation/viral_reference/gfflu-outdir/H1N1pdm_HA.split.faa",
                "viral_ref/annotation/viral_reference/gfflu-outdir/H1N1pdm_HA.split.gbk",
                "viral_ref/annotation/viral_reference/gfflu-outdir/H1N1pdm_HA.split.miniprot.gff",
                "viral_ref/annotation/viral_reference/gfflu-outdir/H1N1pdm_HA.split.snpeff.gff",
                "viral_ref/annotation/viral_reference/gfflu-outdir/H1N1pdm_NS.split.blastx.tsv",
                "viral_ref/annotation/viral_reference/gfflu-outdir/H1N1pdm_NS.split.faa",
                "viral_ref/annotation/viral_reference/gfflu-outdir/H1N1pdm_NS.split.gbk",
                "viral_ref/annotation/viral_reference/gfflu-outdir/H1N1pdm_NS.split.miniprot.gff",
                "viral_ref/annotation/viral_reference/gfflu-outdir/H1N1pdm_NS.split.snpeff.gff",
                "viral_ref/annotation/viral_reference/gfflu-outdir/H1N1pdm_PA.split.blastx.tsv",
                "viral_ref/annotation/viral_reference/gfflu-outdir/H1N1pdm_PA.split.faa",
                "viral_ref/annotation/viral_reference/gfflu-outdir/H1N1pdm_PA.split.gbk",
                "viral_ref/annotation/viral_reference/gfflu-outdir/H1N1pdm_PA.split.miniprot.gff",
                "viral_ref/annotation/viral_reference/gfflu-outdir/H1N1pdm_PA.split.snpeff.gff",
                "viral_ref/viral_reference.merged.fasta"
            ],
            [
                "consensus.merged.fasta:md5,d41d8cd98f00b204e9800998ecf8427e",
                "A_United_Kingdom_1_1933_H1N1_NA.split.blastx.tsv:md5,79fc6d2035d682bbc6dc419b3fa7c689",
                "A_United_Kingdom_1_1933_H1N1_NA.split.faa:md5,876b93dbe0607e38068a41148588c34b",
                "A_United_Kingdom_1_1933_H1N1_NA.split.gbk:md5,796f141d6a0a94dbb09ee2e8b70f4f89",
                "A_United_Kingdom_1_1933_H1N1_NA.split.miniprot.gff:md5,91fc69ffb599589086c686e752cc3472",
                "A_United_Kingdom_1_1933_H1N1_NA.split.snpeff.gff:md5,84dbe2f954f4bcf972e09d84795be366",
                "H1N1pdm_HA.split.blastx.tsv:md5,d214d26634d45c2111bead751565a25c",
                "H1N1pdm_HA.split.faa:md5,6146b2cfe236b9caab32c2074595efb8",
                "H1N1pdm_HA.split.gbk:md5,d450c2ff2d629f3c90b81c72e88433ad",
                "H1N1pdm_HA.split.miniprot.gff:md5,75dc04cbd6f2bf6e7c5e0f82039ceb2b",
                "H1N1pdm_HA.split.snpeff.gff:md5,6cb60aa158eb3aa3da83b8fb078324c3",
                "H1N1pdm_NS.split.blastx.tsv:md5,0fa897089a88e1b60f97508625e5bda9",
                "H1N1pdm_NS.split.faa:md5,55e7c4a97e1b792c442309c4abc42e4f",
                "H1N1pdm_NS.split.gbk:md5,a9fabae1fb3dcc0d86736aded6d8da00",
                "H1N1pdm_NS.split.miniprot.gff:md5,f4c95ee3d21498911e22889fb3a464ae",
                "H1N1pdm_NS.split.snpeff.gff:md5,b2b157ba7b472f11e65426b3e6f231d7",
                "H1N1pdm_PA.split.blastx.tsv:md5,7fef68014e0ad5ea39ef0c20eff9dd44",
                "H1N1pdm_PA.split.faa:md5,9c3a56665a36361cbdd8d61f8a19339d",
                "H1N1pdm_PA.split.gbk:md5,1385a2582056b6a1a1703b776dc0648f",
                "H1N1pdm_PA.split.miniprot.gff:md5,108ac8b6950b4a1fd915f7ec8f36cb47",
                "H1N1pdm_PA.split.snpeff.gff:md5,76e5f5e8ad9d2d2733a2d2bf12652215",
                "viral_reference.merged.fasta:md5,a9cd47d54a178c320b7313e984cf5461"
            ]
        ],
        "meta": {
            "nf-test": "0.9.2",
            "nextflow": "24.10.4"
        },
        "timestamp": "2025-02-11T09:14:31.352579"
    }
}